Godot Engine v4.5.2.stable.official.6ce3de25a - https://godotengine.org

TURN_SUPPORT cheval-grand scale0.60 fps30 anchor_drift=0.0 detached=0 unsafe=0 envelope_width=319.3427734375
TURN_SUPPORT cheval-grand scale0.60 fps60 anchor_drift=0.0 detached=0 unsafe=0 envelope_width=319.3427734375
TURN_SUPPORT cheval-grand scale1.00 fps30 anchor_drift=0.0 detached=0 unsafe=0 envelope_width=532.237976074219
TURN_SUPPORT cheval-grand scale1.00 fps60 anchor_drift=0.0 detached=0 unsafe=0 envelope_width=532.237976074219
TURN_SUPPORT cheval-grand scale1.25 fps30 anchor_drift=0.0 detached=0 unsafe=0 envelope_width=665.297485351562
TURN_SUPPORT cheval-grand scale1.25 fps60 anchor_drift=0.00003051757812 detached=0 unsafe=0 envelope_width=665.297485351562
TURN_SUPPORT rice-shower scale0.60 fps30 anchor_drift=0.0 detached=0 unsafe=0 envelope_width=301.800506591797
TURN_SUPPORT rice-shower scale0.60 fps60 anchor_drift=0.0 detached=0 unsafe=0 envelope_width=301.800506591797
TURN_SUPPORT rice-shower scale1.00 fps30 anchor_drift=0.00006103515625 detached=0 unsafe=0 envelope_width=503.000854492188
TURN_SUPPORT rice-shower scale1.00 fps60 anchor_drift=0.00006103515625 detached=0 unsafe=0 envelope_width=503.000854492188
TURN_SUPPORT rice-shower scale1.25 fps30 anchor_drift=0.0 detached=0 unsafe=0 envelope_width=628.751098632812
TURN_SUPPORT rice-shower scale1.25 fps60 anchor_drift=0.0 detached=0 unsafe=0 envelope_width=628.751098632812
TURN_SUPPORT eishin-flash scale0.60 fps30 anchor_drift=0.0 detached=0 unsafe=0 envelope_width=330.716674804688
TURN_SUPPORT eishin-flash scale0.60 fps60 anchor_drift=0.0 detached=0 unsafe=0 envelope_width=330.716674804688
TURN_SUPPORT eishin-flash scale1.00 fps30 anchor_drift=0.00003051757812 detached=0 unsafe=0 envelope_width=551.194458007812
TURN_SUPPORT eishin-flash scale1.00 fps60 anchor_drift=0.0 detached=0 unsafe=0 envelope_width=551.194458007812
TURN_SUPPORT eishin-flash scale1.25 fps30 anchor_drift=0.0 detached=0 unsafe=0 envelope_width=688.993041992188
TURN_SUPPORT eishin-flash scale1.25 fps60 anchor_drift=0.0 detached=0 unsafe=0 envelope_width=688.993041992188
Turn support: 54 checks, 0 failures
