Godot Engine v4.5.2.stable.official.6ce3de25a - https://godotengine.org

LIVELINESS_CHECK production locomotion capability selects uma_walk true {"selected":"uma_walk"}
LIVELINESS_CHECK production locomotion preserves centered authored hips true {}
LIVELINESS_CHECK matching authored behavior profile loaded true {}
LIVELINESS_CHECK director uses matching authored profile true {"effective_style":{"curiosity":0.55,"gaze_hold_s":1.8,"idle_interval_s":18.0,"posture_strength":0.7,"response_delay_s":0.15}}
LIVELINESS_CHECK authored home participates in sequence true {}
LIVELINESS_CHECK initial surface support acquired true {}
LIVELINESS_CHECK seated geometry calibration available while standing true {}
LIVELINESS_CHECK seated calibration preserves current standing pose bounds and foot anchor true {}
LIVELINESS_CHECK seated selector uses finite shorter calibrated vertical bounds true {"seated_height":433.613525390625,"standing_height":552.0}
LIVELINESS_CHECK stand-up clears seated bounds selection and restores standing geometry true {}
LIVELINESS_CHECK chain request accepted chain:0 true {"accepted":true,"reason":"queued"}
LIVELINESS_CHECK continuous journey arrived 0 true {"outcomes":[{"id":"chain:0","outcome":"arrived","time":25.0499999999999}]}
LIVELINESS_CHECK chain request accepted chain:1 true {"accepted":true,"reason":"queued"}
LIVELINESS_CHECK continuous journey arrived 1 true {"outcomes":[{"id":"chain:0","outcome":"arrived","time":25.0499999999999},{"id":"chain:1","outcome":"arrived","time":35.3833333333326}]}
LIVELINESS_CHECK chain request accepted chain:2 true {"accepted":true,"reason":"queued"}
LIVELINESS_CHECK continuous journey arrived 2 true {"outcomes":[{"id":"chain:0","outcome":"arrived","time":25.0499999999999},{"id":"chain:1","outcome":"arrived","time":35.3833333333326},{"id":"chain:2","outcome":"arrived","time":45.7166666666654}]}
LIVELINESS_CHECK chain request accepted chain:before-reversal true {"accepted":true,"reason":"queued"}
LIVELINESS_CHECK moving reversal has actual preceding travel true {}
LIVELINESS_CHECK chain request accepted chain:reversal true {"accepted":true,"reason":"queued"}
LIVELINESS_CHECK superseding opposite journey arrives true {}
LIVELINESS_CHECK navigation attention stays at head height true {"maximum_normalized_y_error":0.0000000119209289661804,"samples":2152}
LIVELINESS_CHECK pair_wave_nod compatible pair accepted true {"accepted":true,"gated":false,"reason":"queued"}
LIVELINESS_CHECK pair_wave_nod meaningful pre-end live overlap true {"incoming_start":3.51666666666647,"outgoing_duration":4.0,"overlap_seconds":0.5}
LIVELINESS_CHECK pair_wave_nod both timelines advance with continuous masks and priority true {"active":true,"advancing_frames":30,"masks_ok":true}
LIVELINESS_CHECK pair_wave_nod promotes then completes true {"active":false,"promoted":true}
LIVELINESS_CHECK pair_nod_wave compatible pair accepted true {"accepted":true,"gated":false,"reason":"queued"}
LIVELINESS_CHECK pair_nod_wave meaningful pre-end live overlap true {"incoming_start":2.51666666666652,"outgoing_duration":3.0,"overlap_seconds":0.5}
LIVELINESS_CHECK pair_nod_wave both timelines advance with continuous masks and priority true {"active":true,"advancing_frames":30,"masks_ok":true}
LIVELINESS_CHECK pair_nod_wave promotes then completes true {"active":false,"promoted":true}
LIVELINESS_CHECK pair_wave_wave compatible pair accepted true {"accepted":true,"gated":false,"reason":"queued"}
LIVELINESS_CHECK pair_wave_wave meaningful pre-end live overlap true {"incoming_start":3.51666666666647,"outgoing_duration":4.0,"overlap_seconds":0.5}
LIVELINESS_CHECK pair_wave_wave both timelines advance with continuous masks and priority true {"active":true,"advancing_frames":30,"masks_ok":true}
LIVELINESS_CHECK pair_wave_wave promotes then completes true {"active":false,"promoted":true}
LIVELINESS_RESULT failures=0 frames=5452 report=/home/hard2251/workspace/mate-engine/Mate-Engine/companion/logs/diagnostic-traces/transition_chain/final-seat-floor-standing/eishin-flash-60fps-1.0/report.json
WARNING: ObjectDB instances leaked at exit (run with --verbose for details).
     at: cleanup (core/object/object.cpp:2514)
