Godot Engine v4.5.2.stable.official.6ce3de25a - https://godotengine.org

PRODUCT_VIEW_REPRO position=(3.98705, -1.314583, -0.709737) anchors={ "foot": (-0.0, 0.000034, -0.034276), "foot_current": (-0.0, 0.000034, -0.062323), "sit": (-0.030361, 0.803881, -0.057027), "hips_current": (-0.0, 0.903871, -0.034276), "lean": (-0.183985, 0.899229, -0.024367), "left_hand": (0.183968, 0.899229, -0.024366), "right_hand": (-0.183985, 0.899229, -0.024367) } workarea=[P: (0.0, 0.0), S: (2560.0, 1392.0)] local_setup_envelope=[P: (2197.227, 1072.263), S: (325.4766, 312.7261)] world_setup_envelope=[P: (2109.599, 1072.263), S: (570.0195, 312.7261)] runtime_rest_bounds=[P: (2111.599, 1074.263), S: (504.7993, 288.0576)]
PRODUCT_VIEW_REPRO local_plan_fit=true actual_runtime_fit=false exact_position_scope=derived_from_recorded_target_plus_current_installed_calibration
APPROACH_INITIAL_GROUND { "ok": true, "point": (3.495417, -1.314583, 0.015423), "changed": true, "distance_m": 0.09319832921028, "correction_m": (0.0, 0.0, -0.093198), "bounds": [P: (2211.675, 1110.305), S: (308.6417, 281.694)], "reason": "normalized" }
APPROACH_OLD_PLAN true target=(3.954308, -1.314583, -0.25213) route={ "accepted": false, "reason": "route_view_blocked", "path_index": 8, "point": (3.680112, -1.314583, -0.010289), "ground_view": { "ok": true, "point": (3.677486, -1.314583, -0.013952), "changed": true, "distance_m": 0.00450658192858, "correction_m": (-0.002625, 0.0, -0.003663), "bounds": [P: (2247.591, 1106.996), S: (312.4082, 279.1837)], "reason": "normalized" } }
ROUTE_COST_CLASS endpoint_fits=true route_fits=false target=(3.954308, -1.314583, -0.251953)
ROUTE_COST_CLASS endpoint_fits=true route_fits=false target=(4.216252, -1.314583, -0.526486)
APPROACH_ALIGNED_PLAN { "accepted": false, "reason": "setup_view_blocked", "attempts": 12, "planning_ms": 409.944 }
ROUTE_COST_CLASS endpoint_fits=true route_fits=false target=(3.954308, -1.314583, -0.251953)
ROUTE_COST_CLASS endpoint_fits=true route_fits=false target=(4.216252, -1.314583, -0.526486)
CANDIDATE_TRACE point=(3.693279, -1.314583, -0.850129) result=false factor=1.05 yaw=0.0 target=(3.954308, -1.314583, -0.25213) ground={ "ok": true, "point": (3.954308, -1.314583, -0.25213), "changed": false, "distance_m": 0.0, "correction_m": (0.0, 0.0, 0.0), "bounds": [P: (2253.284, 1082.0), S: (292.2898, 260.3615)], "reason": "already_safe" }
ROUTE_COST_CLASS endpoint_fits=true route_fits=false target=(3.933928, -1.314583, -0.218545)
ROUTE_COST_CLASS endpoint_fits=true route_fits=false target=(4.186318, -1.314583, -0.511553)
CANDIDATE_TRACE point=(3.672717, -1.314583, -0.835288) result=false factor=1.15 yaw=0.0 target=(3.933928, -1.314583, -0.218545) ground={ "ok": true, "point": (3.933928, -1.314583, -0.218545), "changed": false, "distance_m": 0.0, "correction_m": (0.0, 0.0, 0.0), "bounds": [P: (2256.702, 1085.339), S: (295.6822, 262.8613)], "reason": "already_safe" }
ROUTE_COST_CLASS endpoint_fits=true route_fits=false target=(3.913185, -1.314583, -0.222268)
ROUTE_COST_CLASS endpoint_fits=true route_fits=false target=(4.165756, -1.314583, -0.496711)
CANDIDATE_TRACE point=(3.652155, -1.314583, -0.820446) result=false factor=1.05 yaw=0.0 target=(3.913185, -1.314583, -0.222447) ground={ "ok": true, "point": (3.913185, -1.314583, -0.222447), "changed": false, "distance_m": 0.0, "correction_m": (0.0, 0.0, 0.0), "bounds": [P: (2251.127, 1084.948), S: (294.4006, 262.5684)], "reason": "already_safe" }
ROUTE_COST_CLASS endpoint_fits=true route_fits=false target=(3.892805, -1.314583, -0.188862)
ROUTE_COST_CLASS endpoint_fits=true route_fits=false target=(4.154566, -1.314583, -0.481961)
CANDIDATE_TRACE point=(3.631593, -1.314583, -0.805605) result=false factor=1.15 yaw=0.0 target=(3.892805, -1.314583, -0.188862) ground={ "ok": true, "point": (3.892805, -1.314583, -0.188862), "changed": false, "distance_m": 0.0, "correction_m": (0.0, 0.0, 0.0), "bounds": [P: (2254.553, 1088.339), S: (297.8437, 265.1107)], "reason": "already_safe" }
ROUTE_COST_CLASS endpoint_fits=true route_fits=false target=(4.037333, -1.314583, -0.311641)
ROUTE_COST_CLASS endpoint_fits=true route_fits=false target=(4.289905, -1.314583, -0.586322)
CANDIDATE_TRACE point=(3.776304, -1.314583, -0.910057) result=false factor=1.05 yaw=0.0 target=(4.037333, -1.314583, -0.312058) ground={ "ok": true, "point": (4.037333, -1.314583, -0.312058), "changed": false, "distance_m": 0.0, "correction_m": (0.0, 0.0, 0.0), "bounds": [P: (2257.545, 1076.183), S: (288.1192, 256.0164)], "reason": "already_safe" }
ROUTE_COST_CLASS endpoint_fits=true route_fits=true target=(3.835851, -1.314583, -0.147752)
CANDIDATE_TRACE point=(3.574639, -1.314583, -0.764495) result=true factor=1.15 yaw=0.0 target=(3.835851, -1.314583, -0.147752) ground={ "ok": true, "point": (3.835851, -1.314583, -0.147752), "changed": false, "distance_m": 0.0, "correction_m": (0.0, 0.0, 0.0), "bounds": [P: (2251.523, 1092.57), S: (300.89, 268.29)], "reason": "already_safe" }
APPROACH_REPOSITION { "ok": true, "point": (3.574639, -1.314583, -0.764495), "distance_m": 0.14631648361683, "ground_y": -1.31458330154419, "bounds": [P: (2022.308, 1069.886), S: (528.6908, 302.6517)], "reason": "fits", "validated_candidates": 6 } actor=(3.495417, -1.314583, 0.015423) planning_ms=2321.718 fresh_candidates=6
ROUTE_COST_CLASS endpoint_fits=true route_fits=true target=(3.835851, -1.314583, -0.147752)
APPROACH_FRESH_PLAN { "accepted": true, "reason": "ready", "pullout_local_m": 0.1, "yaw_delta_deg": 144.999995010116, "target_world": (3.835851, -1.314583, -0.147752), "entry_facing_yaw": 0.0, "root_distance_factor": 1.15, "setup_bounds_local": [P: (-0.65, -0.000344, -0.325), S: (1.3, 1.189844, 1.441179)], "approach_path": [(3.495417, -1.314583, 0.015423), (3.501492, -1.314583, 0.014252), (3.531336, -1.314583, 0.008501), (3.56118, -1.314583, -0.021365), (3.591024, -1.314583, -0.051231), (3.620868, -1.314583, -0.057205), (3.650712, -1.314583, -0.063178), (3.680556, -1.314583, -0.069151), (3.7104, -1.314583, -0.075124), (3.740244, -1.314583, -0.081098), (3.770088, -1.314583, -0.101904), (3.783083, -1.314583, -0.110964), (3.799932, -1.314583, -0.122711), (3.825922, -1.314583, -0.14083), (3.829776, -1.314583, -0.143517), (3.835851, -1.314583, -0.147752)], "navigation_geometry": { "area": [P: (2.295417, -1.347752), S: (2.740433, 2.563175)], "cell_size": 0.03 }, "view_failure": "", "attempts": 9, "planning_ms": 252.193 }
ROUTE_COST_CLASS endpoint_fits=true route_fits=true target=(3.835851, -1.314583, -0.147752)
APPROACH_RUNTIME_62_SETUP_AND_FULL_ROUTE_FIT=true
APPROACH_FIXTURE_LIVE_ENTRY_BOUNDS [P: (2022.322, 1040.435), S: (526.8455, 343.6605)] fit=true scope=current_fixture_outgoing_pose_not_future_windows_boundary
APPROACH_FIXED_PASS=true
