Godot Engine v4.5.2.stable.official.6ce3de25a - https://godotengine.org

PLANNED cheval-grand { "accepted": true, "reason": "ready", "pullout_local_m": 0.1, "yaw_delta_deg": 144.999995010116, "target_world": (0.261211, 0.0, 0.616743), "entry_facing_yaw": 0.0, "root_distance_factor": 1.15, "setup_bounds_local": [P: (-0.65, -0.000344, -0.325), S: (1.3, 1.189844, 1.441179)], "attempts": 10, "planning_ms": 393.489 }
CARRY cheval-grand swivel { "accepted": true, "reason": "clear", "body_bounds_world": [P: (-0.149823, 0.017647, 0.015887), S: (0.541987, 0.723051, 0.718882)], "target_avatar_transform": [X: (-0.491491, 0.0, 0.344146), Y: (0.0, 0.6, 0.0), Z: (-0.344146, 0.0, -0.491491), O: (0.181406, -0.22135, 0.290834)], "segments": 29, "validation_ms": 175.287, "scope": "rig_body_volume_approximation" }
CARRY cheval-grand roll { "accepted": true, "reason": "clear", "body_bounds_world": [P: (-0.086482, 0.017996, -0.032923), S: (0.411665, 0.722072, 0.446258)], "target_avatar_transform": [X: (-0.491491, 0.0, 0.344146), Y: (0.0, 0.6, 0.0), Z: (-0.344146, 0.0, -0.491491), O: (0.146991, -0.22135, 0.241685)], "segments": 3, "validation_ms": 18.363, "scope": "rig_body_volume_approximation" }
CARRY cheval-grand lower_envelope { "accepted": true, "reason": "clear", "body_bounds_world": [P: (-0.08705, -0.000041, -0.033491), S: (0.377823, 0.740113, 0.397681)], "target_avatar_transform": [X: (-0.491491, 0.0, 0.344146), Y: (0.0, 0.6, 0.0), Z: (-0.344146, 0.0, -0.491491), O: (0.146991, -0.22135, 0.241685)], "segments": 1, "validation_ms": 41.583, "scope": "rig_lift_envelope" }
REACH cheval-grand left reached=true error_m=0.0000000372529
REACH cheval-grand right reached=true error_m=0.0000000537269
PLANNED rice-shower { "accepted": true, "reason": "ready", "pullout_local_m": 0.05, "yaw_delta_deg": 144.999995010116, "target_world": (0.226277, 0.0, 0.554046), "entry_facing_yaw": 0.0, "root_distance_factor": 1.1, "setup_bounds_local": [P: (-0.65, -0.000313, -0.325), S: (1.3, 1.189813, 1.351706)], "attempts": 6, "planning_ms": 243.672 }
CARRY rice-shower swivel { "accepted": true, "reason": "clear", "body_bounds_world": [P: (-0.113978, 0.015993, 0.024177), S: (0.447661, 0.653638, 0.632966)], "target_avatar_transform": [X: (-0.491491, 0.0, 0.344146), Y: (0.0, 0.6, 0.0), Z: (-0.344146, 0.0, -0.491491), O: (0.185001, -0.200592, 0.265548)], "segments": 29, "validation_ms": 168.134, "scope": "rig_body_volume_approximation" }
CARRY rice-shower roll { "accepted": true, "reason": "clear", "body_bounds_world": [P: (-0.038114, 0.016294, -0.000102), S: (0.342089, 0.652767, 0.36695)], "target_avatar_transform": [X: (-0.491491, 0.0, 0.344146), Y: (0.0, 0.6, 0.0), Z: (-0.344146, 0.0, -0.491491), O: (0.167794, -0.200592, 0.240974)], "segments": 2, "validation_ms": 13.695, "scope": "rig_body_volume_approximation" }
CARRY rice-shower lower_envelope { "accepted": true, "reason": "clear", "body_bounds_world": [P: (-0.038629, -0.000052, -0.000617), S: (0.3254, 0.669118, 0.342895)], "target_avatar_transform": [X: (-0.491491, 0.0, 0.344146), Y: (0.0, 0.6, 0.0), Z: (-0.344146, 0.0, -0.491491), O: (0.167794, -0.200592, 0.240974)], "segments": 1, "validation_ms": 40.234, "scope": "rig_lift_envelope" }
REACH rice-shower left reached=true error_m=0.00000006537858
REACH rice-shower right reached=true error_m=0.0000000682857
PLANNED eishin-flash { "accepted": true, "reason": "ready", "pullout_local_m": 0.1, "yaw_delta_deg": 144.999995010116, "target_world": (0.226629, 0.0, 0.615508), "entry_facing_yaw": 0.0, "root_distance_factor": 1.2, "setup_bounds_local": [P: (-0.65, -0.000348, -0.325), S: (1.3, 1.189848, 1.445471)], "attempts": 10, "planning_ms": 421.275 }
CARRY eishin-flash swivel { "accepted": true, "reason": "clear", "body_bounds_world": [P: (-0.162872, 0.01713, -0.01912), S: (0.510594, 0.723275, 0.766938)], "target_avatar_transform": [X: (-0.491491, 0.0, 0.344146), Y: (0.0, 0.6, 0.0), Z: (-0.344146, 0.0, -0.491491), O: (0.215892, -0.21978, 0.279635)], "segments": 29, "validation_ms": 173.453, "scope": "rig_body_volume_approximation" }
CARRY eishin-flash roll { "accepted": true, "reason": "clear", "body_bounds_world": [P: (-0.06613, 0.017491, -0.067909), S: (0.413433, 0.722284, 0.459464)], "target_avatar_transform": [X: (-0.491491, 0.0, 0.344146), Y: (0.0, 0.6, 0.0), Z: (-0.344146, 0.0, -0.491491), O: (0.181478, -0.21978, 0.230486)], "segments": 3, "validation_ms": 17.055, "scope": "rig_body_volume_approximation" }
CARRY eishin-flash lower_envelope { "accepted": true, "reason": "clear", "body_bounds_world": [P: (-0.066698, -0.000546, -0.068477), S: (0.379591, 0.740326, 0.410888)], "target_avatar_transform": [X: (-0.491491, 0.0, 0.344146), Y: (0.0, 0.6, 0.0), Z: (-0.344146, 0.0, -0.491491), O: (0.181478, -0.21978, 0.230486)], "segments": 1, "validation_ms": 39.583, "scope": "rig_lift_envelope" }
REACH eishin-flash left reached=true error_m=0.00000001666
REACH eishin-flash right reached=true error_m=0.00000007450581
CARRY_SWEEP_FAILURES=0
