Godot Engine v4.5.2.stable.official.6ce3de25a - https://godotengine.org

CARRY cheval-grand pull 0.1 swivel { "accepted": false, "reason": "occupied_sweep_blocked", "blocked_body_id": "left_thigh", "obstacle_index": 6, "obstacle_id": "/root/@Node3D@6/ContactFurnitureGeometry/Workstation/Solid oak edge tabletop", "sweep_segment": 13, "body_bounds_world": [P: (0.085325, 0.265494, 0.008577), S: (0.435275, 0.475157, 0.368749)], "validation_ms": 55.432, "scope": "rig_body_volume_approximation" }
CARRY cheval-grand pull 0.2 swivel { "accepted": false, "reason": "occupied_sweep_blocked", "blocked_body_id": "left_thigh", "obstacle_index": 6, "obstacle_id": "/root/@Node3D@6/ContactFurnitureGeometry/Workstation/Solid oak edge tabletop", "sweep_segment": 17, "body_bounds_world": [P: (0.116511, 0.265494, 0.048262), S: (0.435275, 0.475157, 0.373602)], "validation_ms": 58.695, "scope": "rig_body_volume_approximation" }
CARRY cheval-grand pull 0.3 swivel { "accepted": true, "reason": "clear", "body_bounds_world": [P: (-0.010422, 0.017674, 0.010346), S: (0.67431, 0.722977, 0.504162)], "target_avatar_transform": [X: (-0.491491, 0.0, 0.344146), Y: (0.0, 0.6, 0.0), Z: (-0.344146, 0.0, -0.491491), O: (0.221175, -0.22135, 0.34763)], "segments": 26, "validation_ms": 151.375, "scope": "rig_body_volume_approximation" }
CARRY cheval-grand pull 0.3 roll { "accepted": false, "reason": "occupied_sweep_blocked", "blocked_body_id": "left_thigh", "obstacle_index": 6, "obstacle_id": "/root/@Node3D@6/ContactFurnitureGeometry/Workstation/Solid oak edge tabletop", "sweep_segment": 1, "body_bounds_world": [P: (0.020395, 0.265772, 0.141406), S: (0.290798, 0.474295, 0.296876)], "validation_ms": 14.327, "scope": "rig_body_volume_approximation" }
CARRY cheval-grand pull 0.4 swivel { "accepted": true, "reason": "clear", "body_bounds_world": [P: (0.020763, 0.017674, 0.054884), S: (0.67431, 0.722977, 0.504162)], "target_avatar_transform": [X: (-0.491491, 0.0, 0.344146), Y: (0.0, 0.6, 0.0), Z: (-0.344146, 0.0, -0.491491), O: (0.25236, -0.22135, 0.392168)], "segments": 26, "validation_ms": 149.639, "scope": "rig_body_volume_approximation" }
CARRY cheval-grand pull 0.4 roll { "accepted": false, "reason": "occupied_sweep_blocked", "blocked_body_id": "left_thigh", "obstacle_index": 6, "obstacle_id": "/root/@Node3D@6/ContactFurnitureGeometry/Workstation/Solid oak edge tabletop", "sweep_segment": 3, "body_bounds_world": [P: (0.02287, 0.265772, 0.141755), S: (0.319509, 0.474295, 0.341065)], "validation_ms": 19.491, "scope": "rig_body_volume_approximation" }
CARRY cheval-grand pull 0.6 swivel { "accepted": true, "reason": "clear", "body_bounds_world": [P: (0.083135, 0.017674, 0.14396), S: (0.67431, 0.722977, 0.504162)], "target_avatar_transform": [X: (-0.491491, 0.0, 0.344146), Y: (0.0, 0.6, 0.0), Z: (-0.344146, 0.0, -0.491491), O: (0.314732, -0.22135, 0.481244)], "segments": 26, "validation_ms": 150.635, "scope": "rig_body_volume_approximation" }
CARRY cheval-grand pull 0.6 roll { "accepted": false, "reason": "occupied_sweep_blocked", "blocked_body_id": "left_thigh", "obstacle_index": 6, "obstacle_id": "/root/@Node3D@6/ContactFurnitureGeometry/Workstation/Solid oak edge tabletop", "sweep_segment": 8, "body_bounds_world": [P: (0.020395, 0.265772, 0.141406), S: (0.384355, 0.474295, 0.430489)], "validation_ms": 30.968, "scope": "rig_body_volume_approximation" }
CARRY cheval-grand final_static { "accepted": false, "reason": "occupied_sweep_blocked", "blocked_body_id": "left_thigh", "obstacle_index": 6, "obstacle_id": "/root/@Node3D@6/ContactFurnitureGeometry/Workstation/Solid oak edge tabletop", "sweep_segment": 0, "body_bounds_world": [P: (-0.046432, 0.265772, 0.045968), S: (0.264068, 0.474295, 0.258701)], "validation_ms": 1.954, "scope": "rig_body_volume_approximation" }
THIGH_CAPSULE component=[P: (-0.595013, -0.075503, 0.266492), S: (1.190005, 0.064996, 0.027008)] a=(-0.107749, -0.152181, 0.491424) b=(-0.103176, -0.10441, 0.106885) radius_component=0.06218644581741
    HIT_MATERIAL mesh=1089 シュヴァルグラン_mesh material=BODY triangles=12
ACTUAL_THIGH vertices=1613 inside_vertices=9 bounds=[P: (-0.224081, -0.267227, 0.073091), S: (0.191, 0.226835, 0.505688)] triangles=659 triangle_box_hits=12
INDEPENDENT_CHAIR_HEIGHT cheval-grand ratio=0.90617672348496
THIGH_CAPSULE component=[P: (-0.595013, -0.075503, 0.266492), S: (1.190005, 0.064996, 0.027008)] a=(-0.09764, -0.204893, 0.501611) b=(-0.093495, -0.161604, 0.15315) radius_component=0.05635190717269
ACTUAL_THIGH vertices=1613 inside_vertices=0 bounds=[P: (-0.203057, -0.309145, 0.122528), S: (0.17308, 0.205553, 0.458243)] triangles=659 triangle_box_hits=0
CARRY rice-shower pull 0.1 swivel { "accepted": false, "reason": "occupied_sweep_blocked", "blocked_body_id": "left_thigh", "obstacle_index": 6, "obstacle_id": "/root/@Node3D@10/ContactFurnitureGeometry/Workstation/Solid oak edge tabletop", "sweep_segment": 14, "body_bounds_world": [P: (0.093263, 0.240613, 0.013095), S: (0.374202, 0.428976, 0.343318)], "validation_ms": 58.204, "scope": "rig_body_volume_approximation" }
CARRY rice-shower pull 0.2 swivel { "accepted": false, "reason": "occupied_sweep_blocked", "blocked_body_id": "left_thigh", "obstacle_index": 6, "obstacle_id": "/root/@Node3D@10/ContactFurnitureGeometry/Workstation/Solid oak edge tabletop", "sweep_segment": 18, "body_bounds_world": [P: (0.121491, 0.240613, 0.050076), S: (0.374202, 0.428976, 0.346651)], "validation_ms": 57.261, "scope": "rig_body_volume_approximation" }
CARRY rice-shower pull 0.3 swivel { "accepted": true, "reason": "clear", "body_bounds_world": [P: (0.006217, 0.016009, 0.016966), S: (0.589738, 0.653579, 0.453266)], "target_avatar_transform": [X: (-0.491491, 0.0, 0.344146), Y: (0.0, 0.6, 0.0), Z: (-0.344146, 0.0, -0.491491), O: (0.215357, -0.200592, 0.308901)], "segments": 26, "validation_ms": 150.316, "scope": "rig_body_volume_approximation" }
CARRY rice-shower pull 0.3 roll { "accepted": false, "reason": "occupied_sweep_blocked", "blocked_body_id": "left_thigh", "obstacle_index": 6, "obstacle_id": "/root/@Node3D@10/ContactFurnitureGeometry/Workstation/Solid oak edge tabletop", "sweep_segment": 1, "body_bounds_world": [P: (0.029423, 0.240862, 0.116301), S: (0.266644, 0.428199, 0.27395)], "validation_ms": 12.638, "scope": "rig_body_volume_approximation" }
CARRY rice-shower pull 0.4 swivel { "accepted": true, "reason": "clear", "body_bounds_world": [P: (0.034445, 0.016009, 0.057279), S: (0.589738, 0.653579, 0.453266)], "target_avatar_transform": [X: (-0.491491, 0.0, 0.344146), Y: (0.0, 0.6, 0.0), Z: (-0.344146, 0.0, -0.491491), O: (0.243585, -0.200592, 0.349214)], "segments": 26, "validation_ms": 149.793, "scope": "rig_body_volume_approximation" }
CARRY rice-shower pull 0.4 roll { "accepted": false, "reason": "occupied_sweep_blocked", "blocked_body_id": "left_thigh", "obstacle_index": 6, "obstacle_id": "/root/@Node3D@10/ContactFurnitureGeometry/Workstation/Solid oak edge tabletop", "sweep_segment": 3, "body_bounds_world": [P: (0.029423, 0.240862, 0.116301), S: (0.294872, 0.428199, 0.314263)], "validation_ms": 16.732, "scope": "rig_body_volume_approximation" }
CARRY rice-shower pull 0.6 swivel { "accepted": true, "reason": "clear", "body_bounds_world": [P: (0.090901, 0.016009, 0.137906), S: (0.589737, 0.653579, 0.453266)], "target_avatar_transform": [X: (-0.491491, 0.0, 0.344146), Y: (0.0, 0.6, 0.0), Z: (-0.344146, 0.0, -0.491491), O: (0.30004, -0.200592, 0.429841)], "segments": 26, "validation_ms": 153.074, "scope": "rig_body_volume_approximation" }
CARRY rice-shower pull 0.6 roll { "accepted": false, "reason": "occupied_sweep_blocked", "blocked_body_id": "left_thigh", "obstacle_index": 6, "obstacle_id": "/root/@Node3D@10/ContactFurnitureGeometry/Workstation/Solid oak edge tabletop", "sweep_segment": 7, "body_bounds_world": [P: (0.029423, 0.240862, 0.116301), S: (0.351328, 0.428199, 0.39489)], "validation_ms": 26.251, "scope": "rig_body_volume_approximation" }
CARRY rice-shower final_static { "accepted": false, "reason": "occupied_sweep_blocked", "blocked_body_id": "left_thigh", "obstacle_index": 6, "obstacle_id": "/root/@Node3D@10/ContactFurnitureGeometry/Workstation/Solid oak edge tabletop", "sweep_segment": 0, "body_bounds_world": [P: (-0.027032, 0.240862, 0.035674), S: (0.238416, 0.428199, 0.233636)], "validation_ms": 1.908, "scope": "rig_body_volume_approximation" }
THIGH_CAPSULE component=[P: (-0.595013, -0.075503, 0.266492), S: (1.190005, 0.064996, 0.027008)] a=(-0.075896, -0.151488, 0.499552) b=(-0.071281, -0.103324, 0.114589) radius_component=0.06226183971666
    HIT_MATERIAL mesh=1030 ライスシャワー_mesh material=New Material triangles=20
ACTUAL_THIGH vertices=861 inside_vertices=2 bounds=[P: (-0.190467, -0.250822, 0.082581), S: (0.195923, 0.216451, 0.484649)] triangles=1066 triangle_box_hits=20
INDEPENDENT_CHAIR_HEIGHT rice-shower ratio=0.82022894564879
THIGH_CAPSULE component=[P: (-0.595013, -0.075503, 0.266492), S: (1.190005, 0.064996, 0.027008)] a=(-0.062252, -0.252612, 0.51761) b=(-0.058467, -0.213106, 0.201852) radius_component=0.05106895932144
ACTUAL_THIGH vertices=861 inside_vertices=0 bounds=[P: (-0.156227, -0.334088, 0.175598), S: (0.160701, 0.177539, 0.397523)] triangles=1066 triangle_box_hits=0
CARRY eishin-flash pull 0.1 swivel { "accepted": false, "reason": "occupied_sweep_blocked", "blocked_body_id": "left_thigh", "obstacle_index": 6, "obstacle_id": "/root/@Node3D@14/ContactFurnitureGeometry/Workstation/Solid oak edge tabletop", "sweep_segment": 16, "body_bounds_world": [P: (0.123403, 0.267065, 0.022391), S: (0.389238, 0.473292, 0.39184)], "validation_ms": 56.185, "scope": "rig_body_volume_approximation" }
CARRY eishin-flash pull 0.2 swivel { "accepted": false, "reason": "occupied_sweep_blocked", "blocked_body_id": "left_thigh", "obstacle_index": 6, "obstacle_id": "/root/@Node3D@14/ContactFurnitureGeometry/Workstation/Solid oak edge tabletop", "sweep_segment": 20, "body_bounds_world": [P: (0.147123, 0.267065, 0.067023), S: (0.397025, 0.473292, 0.392205)], "validation_ms": 60.78, "scope": "rig_body_volume_approximation" }
CARRY eishin-flash pull 0.3 swivel { "accepted": true, "reason": "clear", "body_bounds_world": [P: (0.018271, 0.017166, 0.010398), S: (0.660077, 0.723192, 0.530448)], "target_avatar_transform": [X: (-0.491491, 0.0, 0.344146), Y: (0.0, 0.6, 0.0), Z: (-0.344146, 0.0, -0.491491), O: (0.258556, -0.21978, 0.340565)], "segments": 26, "validation_ms": 150.639, "scope": "rig_body_volume_approximation" }
CARRY eishin-flash pull 0.3 roll { "accepted": false, "reason": "occupied_sweep_blocked", "blocked_body_id": "left_thigh", "obstacle_index": 6, "obstacle_id": "/root/@Node3D@14/ContactFurnitureGeometry/Workstation/Solid oak edge tabletop", "sweep_segment": 1, "body_bounds_world": [P: (0.0567, 0.267343, 0.134013), S: (0.291163, 0.472433, 0.296557)], "validation_ms": 14.616, "scope": "rig_body_volume_approximation" }
CARRY eishin-flash pull 0.4 swivel { "accepted": true, "reason": "clear", "body_bounds_world": [P: (0.049779, 0.017166, 0.055395), S: (0.660077, 0.723192, 0.530448)], "target_avatar_transform": [X: (-0.491491, 0.0, 0.344146), Y: (0.0, 0.6, 0.0), Z: (-0.344146, 0.0, -0.491491), O: (0.290064, -0.21978, 0.385562)], "segments": 26, "validation_ms": 149.559, "scope": "rig_body_volume_approximation" }
CARRY eishin-flash pull 0.4 roll { "accepted": false, "reason": "occupied_sweep_blocked", "blocked_body_id": "left_thigh", "obstacle_index": 6, "obstacle_id": "/root/@Node3D@14/ContactFurnitureGeometry/Workstation/Solid oak edge tabletop", "sweep_segment": 3, "body_bounds_world": [P: (0.059201, 0.267343, 0.134714), S: (0.32017, 0.472433, 0.340853)], "validation_ms": 18.459, "scope": "rig_body_volume_approximation" }
CARRY eishin-flash pull 0.6 swivel { "accepted": true, "reason": "clear", "body_bounds_world": [P: (0.112793, 0.017166, 0.145389), S: (0.660077, 0.723192, 0.530448)], "target_avatar_transform": [X: (-0.491491, 0.0, 0.344146), Y: (0.0, 0.6, 0.0), Z: (-0.344146, 0.0, -0.491491), O: (0.353078, -0.21978, 0.475557)], "segments": 26, "validation_ms": 152.522, "scope": "rig_body_volume_approximation" }
CARRY eishin-flash pull 0.6 roll { "accepted": false, "reason": "occupied_sweep_blocked", "blocked_body_id": "left_thigh", "obstacle_index": 6, "obstacle_id": "/root/@Node3D@14/ContactFurnitureGeometry/Workstation/Solid oak edge tabletop", "sweep_segment": 8, "body_bounds_world": [P: (0.0567, 0.267343, 0.134013), S: (0.385685, 0.472433, 0.431548)], "validation_ms": 30.82, "scope": "rig_body_volume_approximation" }
CARRY eishin-flash final_static { "accepted": false, "reason": "occupied_sweep_blocked", "blocked_body_id": "left_thigh", "obstacle_index": 6, "obstacle_id": "/root/@Node3D@14/ContactFurnitureGeometry/Workstation/Solid oak edge tabletop", "sweep_segment": 0, "body_bounds_world": [P: (-0.010815, 0.267343, 0.03759), S: (0.264157, 0.472432, 0.257988)], "validation_ms": 1.932, "scope": "rig_body_volume_approximation" }
THIGH_CAPSULE component=[P: (-0.595013, -0.075503, 0.266492), S: (1.190005, 0.064996, 0.027008)] a=(-0.043528, -0.155057, 0.511838) b=(-0.040262, -0.113993, 0.13049) radius_component=0.06155174519658
    HIT_MATERIAL mesh=1037 エイシンフラッシュ_mesh_002 material=New Material triangles=22
ACTUAL_THIGH vertices=1094 inside_vertices=13 bounds=[P: (-0.122759, -0.235617, 0.097029), S: (0.252985, 0.176556, 0.492898)] triangles=808 triangle_box_hits=22
INDEPENDENT_CHAIR_HEIGHT eishin-flash ratio=0.91552231072759
THIGH_CAPSULE component=[P: (-0.595013, -0.075503, 0.266492), S: (1.190005, 0.064996, 0.027008)] a=(-0.039851, -0.202275, 0.519286) b=(-0.036861, -0.16468, 0.170153) radius_component=0.05635199657965
ACTUAL_THIGH vertices=1094 inside_vertices=0 bounds=[P: (-0.112388, -0.27603, 0.139519), S: (0.231613, 0.161641, 0.451259)] triangles=808 triangle_box_hits=0
CARRY_SWEEP_FAILURES=0
