Godot Engine v4.5.2.stable.official.6ce3de25a - https://godotengine.org

RIG cheval-grand ratio=0.90617672348496 source=(-0.003033, -0.342931, -0.312394) offset=(-0.030361, 0.803847, -0.022751) seat=(0.181539, 0.260979, 0.259265) parts=122 radius=0.072 height=1.00092451572418
  FACTOR 1.0 target_local=(-0.033394, 0.0, 0.192361) configure={ "ok": true, "reason": "ready", "polygons": 14056 } plan=blocked_endpoint nav={ "cells": 15129, "polygons": 14056, "obstacles": 4, "raw_parts": 122, "cell_size_m": 0.03134959306174, "ground_y": 0.0 }
  FACTOR 1.25 target_local=(-0.034152, 0.0, 0.114262) configure={ "ok": true, "reason": "ready", "polygons": 14056 } plan=blocked_endpoint nav={ "cells": 15129, "polygons": 14056, "obstacles": 4, "raw_parts": 122, "cell_size_m": 0.03134959306174, "ground_y": 0.0 }
  SELECTED { "accepted": false, "reason": "blocked_endpoint", "maximum_factor": 1.25 }
  SETUP_PLAN { "accepted": true, "reason": "ready", "pullout_local_m": 0.1, "yaw_delta_deg": 144.999995010116, "target_world": (0.261211, 0.0, 0.616743), "entry_facing_yaw": 0.0, "root_distance_factor": 1.15, "setup_bounds_local": [P: (-0.65, -0.000344, -0.325), S: (1.3, 1.189844, 1.441179)], "attempts": 10, "planning_ms": 381.381 }
  RESTORE_CLEARANCE { "accepted": true, "reason": "ready", "target_world": (0.270038, 0.0, 0.716353), "path": [(0.261211, 0.0, 0.616743), (0.262525, 0.0, 0.631563), (0.265151, 0.0, 0.661204), (0.267778, 0.0, 0.690845), (0.270038, 0.0, 0.716353)], "distance_m": 0.10000001080334, "offset_m": 0.1, "attempts": 18, "planning_ms": 19.878 }
  RESTORED { "pullout_local_m": 0.0, "yaw_delta_deg": 0.0, "seat_scale": 0.90617672348496, "capability": { "kind": "swivel_chair", "max_pullout_m": 1.2, "adjustable_scale": { "min": 0.5, "max": 1.25, "default": 1.0 } } }
RIG rice-shower ratio=0.82022894564879 source=(-0.002748, -0.310782, -0.283107) offset=(-0.00128, 0.728031, -0.013925) seat=(0.183905, 0.236226, 0.262644) parts=122 radius=0.072 height=0.95458896160126
  FACTOR 1.0 target_local=(-0.004028, 0.0, 0.23735) configure={ "ok": true, "reason": "ready", "polygons": 14059 } plan=blocked_endpoint nav={ "cells": 15129, "polygons": 14059, "obstacles": 4, "raw_parts": 122, "cell_size_m": 0.03134959306174, "ground_y": 0.0 }
  FACTOR 1.25 target_local=(-0.004716, 0.0, 0.166573) configure={ "ok": true, "reason": "ready", "polygons": 14059 } plan=blocked_endpoint nav={ "cells": 15129, "polygons": 14059, "obstacles": 4, "raw_parts": 122, "cell_size_m": 0.03134959306174, "ground_y": 0.0 }
  SELECTED { "accepted": false, "reason": "blocked_endpoint", "maximum_factor": 1.25 }
  SETUP_PLAN { "accepted": true, "reason": "ready", "pullout_local_m": 0.05, "yaw_delta_deg": 144.999995010116, "target_world": (0.226277, 0.0, 0.554046), "entry_facing_yaw": 0.0, "root_distance_factor": 1.1, "setup_bounds_local": [P: (-0.65, -0.000313, -0.325), S: (1.3, 1.189813, 1.351706)], "attempts": 6, "planning_ms": 232.851 }
  RESTORE_CLEARANCE { "accepted": false, "reason": "restore_blocked_endpoint", "attempts": 161, "planning_ms": 4.398 }
ERROR: actual rice-shower has navigable exit clearance before empty restore
   at: push_error (core/variant/variant_utility.cpp:1024)
   GDScript backtrace (most recent call first):
       [0] check (res://tools/probe_host_lifecycle.gd:88)
       [1] _run (res://../diagnostics/desktop_objects/test_workstation_setup.gd:75)
  RESTORED { "pullout_local_m": 0.0, "yaw_delta_deg": 0.0, "seat_scale": 0.82022894564879, "capability": { "kind": "swivel_chair", "max_pullout_m": 1.2, "adjustable_scale": { "min": 0.5, "max": 1.25, "default": 1.0 } } }
RIG eishin-flash ratio=0.91552231072759 source=(-0.003033, -0.342931, -0.312394) offset=(0.027428, 0.808374, -0.004325) seat=(0.181282, 0.26367, 0.258897) parts=122 radius=0.072 height=0.99485557079315
  FACTOR 1.0 target_local=(0.024395, 0.0, 0.210039) configure={ "ok": true, "reason": "ready", "polygons": 14056 } plan=blocked_endpoint nav={ "cells": 15129, "polygons": 14056, "obstacles": 4, "raw_parts": 122, "cell_size_m": 0.03134959306174, "ground_y": 0.0 }
  FACTOR 1.25 target_local=(0.023637, 0.0, 0.131941) configure={ "ok": true, "reason": "ready", "polygons": 14056 } plan=blocked_endpoint nav={ "cells": 15129, "polygons": 14056, "obstacles": 4, "raw_parts": 122, "cell_size_m": 0.03134959306174, "ground_y": 0.0 }
  SELECTED { "accepted": false, "reason": "blocked_endpoint", "maximum_factor": 1.25 }
  SETUP_PLAN { "accepted": true, "reason": "ready", "pullout_local_m": 0.1, "yaw_delta_deg": 144.999995010116, "target_world": (0.226629, 0.0, 0.615508), "entry_facing_yaw": 0.0, "root_distance_factor": 1.2, "setup_bounds_local": [P: (-0.65, -0.000348, -0.325), S: (1.3, 1.189848, 1.445471)], "attempts": 10, "planning_ms": 401.556 }
  RESTORE_CLEARANCE { "accepted": true, "reason": "ready", "target_world": (0.220368, 0.0, 0.715312), "path": [(0.226629, 0.0, 0.615508), (0.225699, 0.0, 0.630328), (0.22384, 0.0, 0.659969), (0.22198, 0.0, 0.68961), (0.220368, 0.0, 0.715312)], "distance_m": 0.10000000521541, "offset_m": 0.1, "attempts": 18, "planning_ms": 19.122 }
  RESTORED { "pullout_local_m": 0.0, "yaw_delta_deg": 0.0, "seat_scale": 0.91552231072759, "capability": { "kind": "swivel_chair", "max_pullout_m": 1.2, "adjustable_scale": { "min": 0.5, "max": 1.25, "default": 1.0 } } }
Workstation setup: 66 checks, 1 failures
WARNING: ObjectDB instances leaked at exit (run with --verbose for details).
     at: cleanup (core/object/object.cpp:2514)
