Godot Engine v4.5.2.stable.official.6ce3de25a - https://godotengine.org

ERROR: Attempt to open script 'res://scripts/desktop_objects_host.gd' resulted in error 'File not found'.
   at: load_source_code (modules/gdscript/gdscript.cpp:1120)
   GDScript backtrace (most recent call first):
       [0] _ready (res://scripts/main.gd:123)
       [1] run (res://tools/probe_transition_chain.gd:105)
ERROR: Failed loading resource: res://scripts/desktop_objects_host.gd.
   at: _load (core/io/resource_loader.cpp:343)
   GDScript backtrace (most recent call first):
       [0] _ready (res://scripts/main.gd:123)
       [1] run (res://tools/probe_transition_chain.gd:105)
SCRIPT ERROR: Attempt to call function 'new' in base 'null instance' on a null instance.
          at: _ready (res://scripts/main.gd:123)
          GDScript backtrace (most recent call first):
              [0] _ready (res://scripts/main.gd:123)
              [1] run (res://tools/probe_transition_chain.gd:105)
LIVELINESS_CHECK matching authored behavior profile loaded true {}
LIVELINESS_CHECK director uses matching authored profile true {"effective_style":{"curiosity":0.55,"gaze_hold_s":1.8,"idle_interval_s":18.0,"posture_strength":0.7,"response_delay_s":0.15}}
LIVELINESS_CHECK authored home participates in sequence true {}
LIVELINESS_CHECK initial surface support acquired true {}
LIVELINESS_CHECK chain request accepted chain:0 true {"accepted":true,"reason":"queued"}
LIVELINESS_CHECK continuous journey arrived 0 true {"outcomes":[{"id":"chain:0","outcome":"arrived","time":25.0499999999999}]}
LIVELINESS_CHECK chain request accepted chain:1 true {"accepted":true,"reason":"queued"}
LIVELINESS_CHECK continuous journey arrived 1 true {"outcomes":[{"id":"chain:0","outcome":"arrived","time":25.0499999999999},{"id":"chain:1","outcome":"arrived","time":35.3833333333326}]}
LIVELINESS_CHECK chain request accepted chain:2 true {"accepted":true,"reason":"queued"}
LIVELINESS_CHECK continuous journey arrived 2 true {"outcomes":[{"id":"chain:0","outcome":"arrived","time":25.0499999999999},{"id":"chain:1","outcome":"arrived","time":35.3833333333326},{"id":"chain:2","outcome":"arrived","time":45.7166666666654}]}
LIVELINESS_CHECK chain request accepted chain:before-reversal true {"accepted":true,"reason":"queued"}
LIVELINESS_CHECK moving reversal has actual preceding travel true {}
LIVELINESS_CHECK chain request accepted chain:reversal true {"accepted":true,"reason":"queued"}
LIVELINESS_CHECK superseding opposite journey arrives true {}
LIVELINESS_CHECK pair_wave_nod compatible pair accepted true {"accepted":true,"gated":false,"reason":"queued"}
LIVELINESS_CHECK pair_wave_nod meaningful pre-end live overlap true {"incoming_start":3.51666666666647,"outgoing_duration":4.0,"overlap_seconds":0.5}
LIVELINESS_CHECK pair_wave_nod both timelines advance with continuous masks and priority true {"active":true,"advancing_frames":30,"masks_ok":true}
LIVELINESS_CHECK pair_wave_nod promotes then completes true {"active":false,"promoted":true}
LIVELINESS_CHECK pair_nod_wave compatible pair accepted true {"accepted":true,"gated":false,"reason":"queued"}
LIVELINESS_CHECK pair_nod_wave meaningful pre-end live overlap true {"incoming_start":2.51666666666652,"outgoing_duration":3.0,"overlap_seconds":0.5}
LIVELINESS_CHECK pair_nod_wave both timelines advance with continuous masks and priority true {"active":true,"advancing_frames":30,"masks_ok":true}
LIVELINESS_CHECK pair_nod_wave promotes then completes true {"active":false,"promoted":true}
LIVELINESS_CHECK pair_wave_wave compatible pair accepted true {"accepted":true,"gated":false,"reason":"queued"}
LIVELINESS_CHECK pair_wave_wave meaningful pre-end live overlap true {"incoming_start":3.51666666666647,"outgoing_duration":4.0,"overlap_seconds":0.5}
LIVELINESS_CHECK pair_wave_wave both timelines advance with continuous masks and priority true {"active":true,"advancing_frames":30,"masks_ok":true}
LIVELINESS_CHECK pair_wave_wave promotes then completes true {"active":false,"promoted":true}
LIVELINESS_RESULT failures=0 frames=5452 report=/home/hard2251/workspace/mate-engine/Mate-Engine/companion/logs/diagnostic-traces/transition_chain/concurrent-final/eishin-flash-60fps-1.0/report.json
WARNING: ObjectDB instances leaked at exit (run with --verbose for details).
     at: cleanup (core/object/object.cpp:2514)
