Godot Engine v4.5.2.stable.official.6ce3de25a - https://godotengine.org
WARNING: Could not set V-Sync mode, as changing V-Sync mode is not supported by the graphics driver.
     at: set_use_vsync (platform/linuxbsd/x11/gl_manager_x11.cpp:364)
OpenGL API 4.6 (Core Profile) Mesa 25.0.7-0ubuntu0.24.04.2 - Compatibility - Using Device: Microsoft - D3D12 (NVIDIA GeForce RTX 4090)

CANDIDATE_CHAIN Sp_Sh_Mantle0_L_00 gravity 0.6
CANDIDATE_CHAIN Sp_Sh_Mantle0_R_00 gravity 0.6
CANDIDATE_CHAIN Sp_Ch_Mantle0_BL_00 gravity 0.6
CANDIDATE_CHAIN Sp_Ch_Mantle0_BR_00 gravity 0.6
CANDIDATE_CHAIN Sp_Sh_Mantle0_L_00 gravity 1.2
CANDIDATE_CHAIN Sp_Sh_Mantle0_R_00 gravity 1.2
CANDIDATE_CHAIN Sp_Ch_Mantle0_BL_00 gravity 1.2
CANDIDATE_CHAIN Sp_Ch_Mantle0_BR_00 gravity 1.2
CANDIDATE_CHAIN Sp_Sh_Mantle0_L_00 gravity 5.0
CANDIDATE_CHAIN Sp_Sh_Mantle0_R_00 gravity 5.0
CANDIDATE_CHAIN Sp_Ch_Mantle0_BL_00 gravity 5.0
CANDIDATE_CHAIN Sp_Ch_Mantle0_BR_00 gravity 5.0
CANDIDATE_CHAIN Sp_Sh_Mantle0_L_00 gravity 12.5
CANDIDATE_CHAIN Sp_Sh_Mantle0_R_00 gravity 12.5
CANDIDATE_CHAIN Sp_Ch_Mantle0_BL_00 gravity 12.5
CANDIDATE_CHAIN Sp_Ch_Mantle0_BR_00 gravity 12.5
CAPE_CALLBACKS 4488
