Godot Engine v4.5.2.stable.official.6ce3de25a - https://godotengine.org

AUTHORED_REVIEW cheval-grand model loaded true {}
AUTHORED_REVIEW cheval-grand clip loaded uma_home_idle true {}
AUTHORED_REVIEW cheval-grand clip loaded uma_cheval_idle_action true {}
AUTHORED_REVIEW cheval-grand clip loaded uma_rice_idle_action true {}
AUTHORED_REVIEW cheval-grand clip loaded uma_eishin_idle_action true {}
AUTHORED_REVIEW cheval-grand talking loaded true {}
AUTHORED_REVIEW cheval-grand rare action accepted true {}
AUTHORED_REVIEW cheval-grand rare action ends true {}
AUTHORED_REVIEW cheval-grand speech preempts authored ownership true {}
AUTHORED_REVIEW cheval-grand home resumes after speech true {}
AUTHORED_REVIEW cheval-grand gaze fully masks authored head true {}
AUTHORED_REVIEW cheval-grand heading completes true {}
AUTHORED_REVIEW cheval-grand disabled idle rejects rare action true {}
AUTHORED_REVIEW cheval-grand disabled idle relinquishes authored pose true {}
AUTHORED_REVIEW cheval-grand replacement model loaded true {}
AUTHORED_REVIEW cheval-grand model switch clears rare action true {}
AUTHORED_REVIEW cheval-grand model switch clears stale head mask true {}
AUTHORED_REVIEW cheval-grand reset clears stale head mask true {}
AUTHORED_REVIEW rice-shower model loaded true {}
AUTHORED_REVIEW rice-shower clip loaded uma_home_idle true {}
AUTHORED_REVIEW rice-shower clip loaded uma_cheval_idle_action true {}
AUTHORED_REVIEW rice-shower clip loaded uma_rice_idle_action true {}
AUTHORED_REVIEW rice-shower clip loaded uma_eishin_idle_action true {}
AUTHORED_REVIEW rice-shower talking loaded true {}
AUTHORED_REVIEW rice-shower rare action accepted true {}
AUTHORED_REVIEW rice-shower rare action ends true {}
AUTHORED_REVIEW rice-shower speech preempts authored ownership true {}
AUTHORED_REVIEW rice-shower home resumes after speech true {}
AUTHORED_REVIEW rice-shower gaze fully masks authored head true {}
AUTHORED_REVIEW rice-shower heading completes true {}
AUTHORED_REVIEW rice-shower disabled idle rejects rare action true {}
AUTHORED_REVIEW rice-shower disabled idle relinquishes authored pose true {}
AUTHORED_REVIEW rice-shower replacement model loaded true {}
AUTHORED_REVIEW rice-shower model switch clears rare action true {}
AUTHORED_REVIEW rice-shower model switch clears stale head mask true {}
AUTHORED_REVIEW rice-shower reset clears stale head mask true {}
AUTHORED_REVIEW eishin-flash model loaded true {}
AUTHORED_REVIEW eishin-flash clip loaded uma_home_idle true {}
AUTHORED_REVIEW eishin-flash clip loaded uma_cheval_idle_action true {}
AUTHORED_REVIEW eishin-flash clip loaded uma_rice_idle_action true {}
AUTHORED_REVIEW eishin-flash clip loaded uma_eishin_idle_action true {}
AUTHORED_REVIEW eishin-flash talking loaded true {}
AUTHORED_REVIEW eishin-flash rare action accepted true {}
AUTHORED_REVIEW eishin-flash rare action ends true {}
AUTHORED_REVIEW eishin-flash speech preempts authored ownership true {}
AUTHORED_REVIEW eishin-flash home resumes after speech true {}
AUTHORED_REVIEW eishin-flash gaze fully masks authored head true {}
AUTHORED_REVIEW eishin-flash heading completes true {}
AUTHORED_REVIEW eishin-flash disabled idle rejects rare action true {}
AUTHORED_REVIEW eishin-flash disabled idle relinquishes authored pose true {}
AUTHORED_REVIEW eishin-flash replacement model loaded true {}
AUTHORED_REVIEW eishin-flash model switch clears rare action true {}
AUTHORED_REVIEW eishin-flash model switch clears stale head mask true {}
AUTHORED_REVIEW eishin-flash reset clears stale head mask true {}
AUTHORED_REVIEW cheval-grand generic home quiet head bounds true {"acceleration":102.836244106293,"speed":5.33662939071655}
AUTHORED_REVIEW cheval-grand authored standing actual world foot error false {"max_metres":0.00785665586590767}
AUTHORED_REVIEW cheval-grand purposeful gaze_override bounds true {"foot_error":0.000000217921524381381,"foot_step":0.000000292286955527743,"head_acceleration":107.561345100403,"head_speed":19.1568412780762,"hips_step":0.000139753843541257,"sole_error":0.000000222903778990258}
AUTHORED_REVIEW cheval-grand purposeful gaze_release bounds true {"foot_error":0.000000196630409732279,"foot_step":0.000000306584837517221,"head_acceleration":127.966504096985,"head_speed":18.1646366119385,"hips_step":0.000139753843541257,"sole_error":0.000000202954026917723}
AUTHORED_REVIEW rice-shower generic home quiet head bounds true {"acceleration":102.836244106293,"speed":5.33662939071655}
AUTHORED_REVIEW rice-shower authored standing actual world foot error false {"max_metres":0.00712010031566024}
AUTHORED_REVIEW rice-shower purposeful gaze_override bounds true {"foot_error":0.000000204619851729149,"foot_step":0.000000246883047338997,"head_acceleration":107.561345100403,"head_speed":19.1568412780762,"hips_step":0.000126652521430515,"sole_error":0.000000219006921042819}
AUTHORED_REVIEW rice-shower purposeful gaze_release bounds true {"foot_error":0.000000166641697774139,"foot_step":0.000000301449432527079,"head_acceleration":127.966504096985,"head_speed":18.1646366119385,"hips_step":0.000126652521430515,"sole_error":0.000000189927561677905}
AUTHORED_REVIEW eishin-flash generic home quiet head bounds true {"acceleration":102.836244106293,"speed":5.33662939071655}
AUTHORED_REVIEW eishin-flash authored standing actual world foot error false {"max_metres":0.00789298117160797}
AUTHORED_REVIEW eishin-flash purposeful gaze_override bounds true {"foot_error":0.000000180022510676281,"foot_step":0.000000246235771328429,"head_acceleration":107.561345100403,"head_speed":19.1568412780762,"hips_step":0.000139757976285182,"sole_error":0.000000186792902923116}
AUTHORED_REVIEW eishin-flash purposeful gaze_release bounds true {"foot_error":0.000000179443404135782,"foot_step":0.0000002690281348805,"head_acceleration":127.966504096985,"head_speed":18.1646366119385,"hips_step":0.000139757976285182,"sole_error":0.000000200152612706006}
AUTHORED_REVIEW_RESULT 3
